[pchapmanconstruction.com/index.html]
[backblue.gif]
[fade.gif]
[index.html]
[ajax.googleapis.com/ajax/libs/jquery/2.2.4/jquery.min.js]
[consent.cookiebot.com/uc.js]
[pchapmanconstruction.com/assets/Uploads/pc-chapman-limited-short06.png]
[pchapmanconstruction.com/cornwall-builders/index.html]
[pchapmanconstruction.com/construction-projects-south-west-builders/index.html]
[pchapmanconstruction.com/assets/Managed/ProjectGalleries/92-boskensoe-barns-mawnan-smith-falmouth/_resampled/FillWyI5MDAiLCI2NTAiXQ/boskensoe-01.jpg]
[pchapmanconstruction.com/videos/index.html]
[pchapmanconstruction.com/cornwall-construction-jobs/index.html]
[pchapmanconstruction.com/contact-builders-truro-cornwall/index.html]
[pchapmanconstruction.com/construction-news/index.html]
[pchapmanconstruction.com/assets/Managed/ProjectGalleries/135-upper-beach-house-portreath/_resampled/FillWyI5MDAiLCI2NTAiXQ/IMG-1954-01.jpg]
[pchapmanconstruction.com/construction-projects-south-west-builders/boskensoe-barns-mawnan-smith-falmouth/index.html]
[pchapmanconstruction.com/construction-projects-south-west-builders/upper-beach-house-portreath/index.html]
[pchapmanconstruction.com/assets/Managed/ProjectGalleries/128-new-project-page/_resampled/FillWyI5MDAiLCI2NTAiXQ/IMG-1627-01.jpg]
[pchapmanconstruction.com/construction-projects-south-west-builders/trewithen/index.html]
[pchapmanconstruction.com/assets/Managed/ProjectGalleries/127-three-mile-beach-gwithian/_resampled/FillWyI5MDAiLCI2NTAiXQ/Three-Mile-Beach-Aerials-Sunny-17-SMALL.jpg]
[pchapmanconstruction.com/construction-projects-south-west-builders/three-mile-beach-gwithian/index.html]
[pchapmanconstruction.com/assets/Managed/ProjectGalleries/125-menwinnion-mylor/_resampled/FillWyI5MDAiLCI2NTAiXQ/3940-P-Chapman-Menwinnion-SMALL.jpg]
[pchapmanconstruction.com/construction-projects-south-west-builders/menwinnion-mylor/index.html]
[pchapmanconstruction.com/assets/Managed/ProjectGalleries/118-new-morvoren-feock/_resampled/FillWyI5MDAiLCI2NTAiXQ/REDUCED-3163-P-Chapman-Morvoren-6.jpg]
[pchapmanconstruction.com/construction-projects-south-west-builders/new-morvoren-feock/index.html]
[pchapmanconstruction.com/assets/Managed/ProjectGalleries/119-ch-albany-st-ives/_resampled/FillWyI5MDAiLCI2NTAiXQ/REDUCED-3939-P-Chapman-Chy-An-Albany.jpg]
[pchapmanconstruction.com/construction-projects-south-west-builders/chy-an-albany-st-ives/index.html]
[pchapmanconstruction.com/assets/Managed/ProjectGalleries/116-new-project-page/_resampled/FillWyI5MDAiLCI2NTAiXQ/with-logo.jpg]
[pchapmanconstruction.com/construction-projects-south-west-builders/carn-terrace-camborne/index.html]
[pchapmanconstruction.com/construction-projects-south-west-builders/sea-glass-house-st-mawes/index.html]
[pchapmanconstruction.com/assets/Managed/ProjectGalleries/113-sea-glass-house-st-mawes/_resampled/FillWyI5MDAiLCI2NTAiXQ/Untitled-Panorama3-Andrew-Meredith.jpg]
[pchapmanconstruction.com/construction-projects-south-west-builders/saqqara-feock/index.html]
[pchapmanconstruction.com/construction-projects-south-west-builders/polgreen-manor-newquay/index.html]
[pchapmanconstruction.com/assets/Managed/ProjectGalleries/111-saqqara-feock/_resampled/FillWyI5MDAiLCI2NTAiXQ/LA-Saqqara-3S.jpg]
[pchapmanconstruction.com/construction-projects-south-west-builders/ansells-portscatho/index.html]
[pchapmanconstruction.com/construction-projects-south-west-builders/st-michaels-hotel/index.html]
[pchapmanconstruction.com/construction-projects-south-west-builders/gooden-heane/index.html]
[pchapmanconstruction.com/construction-projects-south-west-builders/old-stationmasters-house-fowey/index.html]
[pchapmanconstruction.com/assets/Managed/ProjectGalleries/99-polgreen-manor-newquay/_resampled/FillWyI5MDAiLCI2NTAiXQ/Chapman-LABC-Award-Shortlisting-Polgreen-HC.jpg]
[pchapmanconstruction.com/construction-projects-south-west-builders/quay-house-st-mawes/index.html]
[pchapmanconstruction.com/construction-projects-south-west-builders/the-carracks-st-ives/index.html]
[pchapmanconstruction.com/assets/Managed/ProjectGalleries/96-ansells-portscatho/_resampled/FillWyI5MDAiLCI2NTAiXQ/IMG-3236.jpg]
[pchapmanconstruction.com/construction-projects-south-west-builders/blue-seas-at-constantine/index.html]
[pchapmanconstruction.com/assets/Managed/ProjectGalleries/78-st-michaels-hotel/_resampled/FillWyI5MDAiLCI2NTAiXQ/EW20180824-St.Michaels-1.jpg]
[pchapmanconstruction.com/construction-projects-south-west-builders/st-marys-new-project-page/index.html]
[pchapmanconstruction.com/assets/Managed/ProjectGalleries/73-gooden-heane/_resampled/FillWyI5MDAiLCI2NTAiXQ/panoptic-vid-grab.jpg]
[pchapmanconstruction.com/construction-projects-south-west-builders/wilkinson-gardens-redruth/index.html]
[pchapmanconstruction.com/assets/Managed/ProjectGalleries/71-old-stationmasters-house-fowey/_resampled/FillWyI5MDAiLCI2NTAiXQ/Stationmasters-House.jpg]
[pchapmanconstruction.com/construction-projects-south-west-builders/treruffe-vean/index.html]
[pchapmanconstruction.com/assets/Managed/ProjectGalleries/56-quay-house-st-mawes/_resampled/FillWyI5MDAiLCI2NTAiXQ/50.Hugh-Hastings-Quay-House-Bosloggas.jpg]
[pchapmanconstruction.com/construction-projects-south-west-builders/the-lookout-mylor/index.html]
[pchapmanconstruction.com/assets/Managed/ProjectGalleries/58-the-carracks-st-ives/_resampled/FillWyI5MDAiLCI2NTAiXQ/29.-Hugh-Hastings-The-Carracks-St-Ives-1010467.jpg]
[pchapmanconstruction.com/construction-projects-south-west-builders/trelowen-st-agnes/index.html]
[pchapmanconstruction.com/construction-projects-south-west-builders/owers-house-feock/index.html]
[pchapmanconstruction.com/assets/Managed/ProjectGalleries/35-blue-seas-at-constantine/_resampled/FillWyI5MDAiLCI2NTAiXQ/blue-seas-house-14.jpg]
[pchapmanconstruction.com/construction-projects-south-west-builders/salt-apartments-st-ives-acorn/index.html]
[pchapmanconstruction.com/assets/Managed/ProjectGalleries/93-st-marys-new-project-page/_resampled/FillWyI5MDAiLCI2NTAiXQ/IMG-1183-01-01.jpg]
[pchapmanconstruction.com/construction-projects-south-west-builders/trelew-mylor/index.html]
[pchapmanconstruction.com/assets/Managed/ProjectGalleries/88-treruffe-vean-wilkinsons-gdns/_resampled/FillWyI5MDAiLCI2NTAiXQ/IMG-1348.jpg]
[pchapmanconstruction.com/construction-projects-south-west-builders/moontide-restonguet-point/index.html]
[pchapmanconstruction.com/assets/Managed/ProjectGalleries/88-treruffe-vean-wilkinsons-gdns/_resampled/FillWyI5MDAiLCI2NTAiXQ/IMG-0634-01.jpg]
[pchapmanconstruction.com/construction-projects-south-west-builders/nancarrow-zelah/index.html]
[pchapmanconstruction.com/construction-projects-south-west-builders/the-beeches-restronguet-point/index.html]
[pchapmanconstruction.com/assets/Managed/ProjectGalleries/51-the-lookout-mylor/_resampled/FillWyI5MDAiLCI2NTAiXQ/The-Lookout-Mylor-1.jpg]
[pchapmanconstruction.com/construction-projects-south-west-builders/trevaster-farm-truro/index.html]
[pchapmanconstruction.com/assets/Managed/ProjectGalleries/60-trelowen-st-agnes/_resampled/FillWyI5MDAiLCI2NTAiXQ/16.-Hugh-Hastings-Trelowen-Exterior-09.jpg]
[pchapmanconstruction.com/assets/Managed/ProjectGalleries/54-new-project-page/_resampled/FillWyI5MDAiLCI2NTAiXQ/a-owers-hse-1.jpg]
[pchapmanconstruction.com/assets/Managed/ProjectGalleries/39-salt-apartments-st-ives-acorn/_resampled/FillWyI5MDAiLCI2NTAiXQ/Salt-Apartments-St-Ives-Acorn-8.jpg]
[pchapmanconstruction.com/assets/Managed/ProjectGalleries/52-trelew-mylor-bridge/_resampled/FillWyI5MDAiLCI2NTAiXQ/Trelew-Mylor-Bridge-15.jpg]
[pchapmanconstruction.com/assets/Managed/ProjectGalleries/33-porthgwidden-field-feock-truro/_resampled/FillWyI5MDAiLCI2NTAiXQ/porthgwidden-01.jpg]
[pchapmanconstruction.com/assets/Managed/ProjectGalleries/53-nancarrow-farm/_resampled/FillWyI5MDAiLCI2NTAiXQ/Nancarrow-Farm-1.jpg]
[pchapmanconstruction.com/assets/Managed/ProjectGalleries/61-the-beeches-restronguet-point/_resampled/FillWyI5MDAiLCI2NTAiXQ/Greenwood-140923-50883.jpg]
[pchapmanconstruction.com/assets/Managed/ProjectGalleries/32-trevaster-truro/_resampled/FillWyI5MDAiLCI2NTAiXQ/trevaster-01.jpg]
[pchapmanconstruction.com/assets/Uploads/_resampled/FillWyIxOTIwIiwiOTAwIl0/professional-builders-based-in-Truro-Cornwall.jpg]
[pchapmanconstruction.com/assets/Uploads/_resampled/FillWyIxOTIwIiwiOTAwIl0/05-Composite-Hugh-Hastings-The-Lookout.jpg]
[pchapmanconstruction.com/assets/Uploads/_resampled/FillWyI5MDAiLCI2NTAiXQ/collage8.jpg]
[pchapmanconstruction.com/assets/Uploads/_resampled/FillWyI5MDAiLCI2NTAiXQ/collage7.jpg]
[pchapmanconstruction.com/360-walkaround-videos/index.html]
[pchapmanconstruction.com/assets/Uploads/_resampled/FillWyI5MDAiLCI2NTAiXQ/collage6.jpg]
[pchapmanconstruction.com/construction-news/latest-refurbishment-well-underway/index.html]
[pchapmanconstruction.com/assets/Uploads/_resampled/FillWyI5MDAiLCI2NTAiXQ/collage-comp.jpg]
[pchapmanconstruction.com/construction-news/new-project-at-cubert-newquay/index.html]
[pchapmanconstruction.com/assets/Uploads/_resampled/FillWyI5MDAiLCI2NTAiXQ/Collage-Granary.jpg]
[pchapmanconstruction.com/construction-news/falmouth-apartments-project-underway/index.html]
[pchapmanconstruction.com/assets/Uploads/_resampled/FillWyI5MDAiLCI2NTAiXQ/Compress-20220218-092134-4343.jpg]
[pchapmanconstruction.com/construction-news/upper-beach-house/index.html]
[ajax.googleapis.com/ajax/libs/webfont/1/webfont.js]
[pchapmanconstruction.com/construction-news/top-team-on-latest-boskensoe-project/index.html]
[pchapmanconstruction.com/construction-news/treyarnon-site-start/index.html]
[pchapmanconstruction.com/themes/chapman3/css/js-base.js]
[pchapmanconstruction.com/privacy-policy/index.html]
[pchapmanconstruction.com/cookie-policy/index.html]
[pchapmanconstruction.com/themes/chapman3/bower_components/jquery.mb.ytplayer/dist/jquery.mb.YTPlayer.min.js]
[pchapmanconstruction.com/index.html]
[pchapmanconstruction.com/themes/chapman3/fonts/glyphicons-halflings-regular.eot]
[pchapmanconstruction.com/themes/chapman3/fonts/glyphicons-halflings-regulard41d.eot]
[pchapmanconstruction.com/themes/chapman3/fonts/glyphicons-halflings-regular.woff2]
[pchapmanconstruction.com/themes/chapman3/fonts/glyphicons-halflings-regular.woff]
[pchapmanconstruction.com/themes/chapman3/fonts/glyphicons-halflings-regular.ttf]
[pchapmanconstruction.com/themes/chapman3/fonts/glyphicons-halflings-regular.svg]
[pchapmanconstruction.com/themes/chapman3/css/images/down-arrow.png]
[pchapmanconstruction.com/themes/chapman3/css/images/icons/zip.png]
[pchapmanconstruction.com/themes/chapman3/css/images/icons/pdf.png]
[pchapmanconstruction.com/themes/chapman3/css/images/icons/ppt.png]
[pchapmanconstruction.com/themes/chapman3/css/images/icons/doc.png]
[pchapmanconstruction.com/themes/chapman3/css/images/icons/xls.png]
[pchapmanconstruction.com/themes/chapman3/css/images/icons/zipx2.png]
[pchapmanconstruction.com/themes/chapman3/css/images/icons/pdfx2.png]
[pchapmanconstruction.com/themes/chapman3/css/images/icons/pptx2.png]
[pchapmanconstruction.com/themes/chapman3/css/images/icons/docx2.png]
[pchapmanconstruction.com/themes/chapman3/css/images/icons/xlsx2.png]
[pchapmanconstruction.com/themes/chapman3/css/images/icons/zip-white.png]
[pchapmanconstruction.com/themes/chapman3/css/images/icons/pdf-white.png]
[pchapmanconstruction.com/themes/chapman3/css/images/icons/ppt-white.png]
[pchapmanconstruction.com/themes/chapman3/css/images/icons/doc-white.png]
[pchapmanconstruction.com/themes/chapman3/css/images/icons/xls-white.png]
[pchapmanconstruction.com/themes/chapman3/css/images/icons/zipx2-white.png]
[pchapmanconstruction.com/themes/chapman3/css/images/icons/pdfx2-white.png]
[pchapmanconstruction.com/themes/chapman3/css/images/icons/pptx2-white.png]
[pchapmanconstruction.com/themes/chapman3/css/images/icons/docx2-white.png]
[pchapmanconstruction.com/themes/chapman3/css/images/icons/xlsx2-white.png]
[pchapmanconstruction.com/themes/chapman3/css/images/Read-more.png]
[pchapmanconstruction.com/themes/chapman3/css/images/Read-more-xs.png]
[pchapmanconstruction.com/themes/chapman3/css/images/search-icon.png]
[pchapmanconstruction.com/themes/chapman3/css/images/botfade.png]
[pchapmanconstruction.com/themes/chapman3/css/images/search.png]
[pchapmanconstruction.com/themes/chapman3/css/img/ajax-loader.gif]
[pchapmanconstruction.com/themes/chapman3/css/fonts/slick.eot]
[pchapmanconstruction.com/themes/chapman3/css/fonts/slick.woff]
[pchapmanconstruction.com/themes/chapman3/css/fonts/slickd41d.eot]
[pchapmanconstruction.com/themes/chapman3/css/fonts/slick.ttf]
[pchapmanconstruction.com/themes/chapman3/css/fonts/Pe-icon-7-strokebb1d.eot]
[pchapmanconstruction.com/themes/chapman3/css/fonts/Pe-icon-7-stroked41d.eot]
[pchapmanconstruction.com/themes/chapman3/css/fonts/Pe-icon-7-strokebb1d.woff]
[pchapmanconstruction.com/themes/chapman3/css/fonts/Pe-icon-7-strokebb1d.ttf]
[pchapmanconstruction.com/themes/chapman3/fonts/fontawesome-webfont3e6e.eot]
[pchapmanconstruction.com/themes/chapman3/fonts/fontawesome-webfontd41d.eot]
[pchapmanconstruction.com/themes/chapman3/fonts/fontawesome-webfont3e6e.woff2]
[pchapmanconstruction.com/themes/chapman3/fonts/fontawesome-webfont3e6e.woff]
[pchapmanconstruction.com/themes/chapman3/fonts/fontawesome-webfont3e6e.ttf]
[pchapmanconstruction.com/themes/chapman3/img/loader.gif]
[pchapmanconstruction.com/themes/chapman3/img/icons.png]
[pchapmanconstruction.com/themes/chapman3/css/fonts/flexslider-icon.eot]
[pchapmanconstruction.com/themes/chapman3/css/fonts/flexslider-icond41d.eot]
[pchapmanconstruction.com/themes/chapman3/css/fonts/flexslider-icon.woff]
[pchapmanconstruction.com/themes/chapman3/css/fonts/flexslider-icon.ttf]
[pchapmanconstruction.com/themes/chapman3/css/mCSB_buttons.png]
[pchapmanconstruction.com/themes/chapman3/css/preload-circle.png]
[pchapmanconstruction.com/themes/chapman3/css/close.gif]
[pchapmanconstruction.com/themes/chapman3/css/prev.gif]
[pchapmanconstruction.com/themes/chapman3/css/next.gif]
[pchapmanconstruction.com/themes/chapman3/img/cbp-sprite.png]
[pchapmanconstruction.com/themes/chapman3/css/images/thin_swipebox_icons.png]
[pchapmanconstruction.com/themes/chapman3/fonts/fontawesome-webfonte0a5.eot]
[pchapmanconstruction.com/themes/chapman3/fonts/fontawesome-webfonte0a5.woff2]
[pchapmanconstruction.com/themes/chapman3/fonts/fontawesome-webfonte0a5.woff]
[pchapmanconstruction.com/themes/chapman3/fonts/fontawesome-webfonte0a5.ttf]
[pchapmanconstruction.com/themes/chapman3/css/css-base.css]
[pchapmanconstruction.com/home/index.html]
[pchapmanconstruction.com/cornwall-builders/index.html]
[pchapmanconstruction.com/construction-projects-south-west-builders/index.html]
[pchapmanconstruction.com/videos/index.html]
[pchapmanconstruction.com/cornwall-construction-jobs/index.html]
[pchapmanconstruction.com/construction-news/index.html]
[pchapmanconstruction.com/contact-builders-truro-cornwall/index.html]
[pchapmanconstruction.com/construction-projects-south-west-builders/boskensoe-barns-mawnan-smith-falmouth/index.html]
[pchapmanconstruction.com/construction-projects-south-west-builders/upper-beach-house-portreath/index.html]
[pchapmanconstruction.com/construction-projects-south-west-builders/trewithen/index.html]
[pchapmanconstruction.com/construction-projects-south-west-builders/three-mile-beach-gwithian/index.html]
[pchapmanconstruction.com/construction-projects-south-west-builders/menwinnion-mylor/index.html]
[pchapmanconstruction.com/construction-projects-south-west-builders/new-morvoren-feock/index.html]
[pchapmanconstruction.com/construction-projects-south-west-builders/chy-an-albany-st-ives/index.html]
[pchapmanconstruction.com/construction-projects-south-west-builders/carn-terrace-camborne/index.html]
[pchapmanconstruction.com/construction-projects-south-west-builders/sea-glass-house-st-mawes/index.html]
[pchapmanconstruction.com/construction-projects-south-west-builders/saqqara-feock/index.html]
[pchapmanconstruction.com/construction-projects-south-west-builders/polgreen-manor-newquay/index.html]
[pchapmanconstruction.com/construction-projects-south-west-builders/ansells-portscatho/index.html]
[pchapmanconstruction.com/construction-projects-south-west-builders/st-michaels-hotel/index.html]
[pchapmanconstruction.com/construction-projects-south-west-builders/gooden-heane/index.html]
[pchapmanconstruction.com/construction-projects-south-west-builders/old-stationmasters-house-fowey/index.html]
[pchapmanconstruction.com/construction-projects-south-west-builders/quay-house-st-mawes/index.html]
[pchapmanconstruction.com/construction-projects-south-west-builders/the-carracks-st-ives/index.html]
[pchapmanconstruction.com/construction-projects-south-west-builders/blue-seas-at-constantine/index.html]
[pchapmanconstruction.com/construction-projects-south-west-builders/st-marys-new-project-page/index.html]
[pchapmanconstruction.com/construction-projects-south-west-builders/wilkinson-gardens-redruth/index.html]
[pchapmanconstruction.com/construction-projects-south-west-builders/treruffe-vean/index.html]
[pchapmanconstruction.com/construction-projects-south-west-builders/the-lookout-mylor/index.html]
[pchapmanconstruction.com/construction-projects-south-west-builders/trelowen-st-agnes/index.html]
[pchapmanconstruction.com/construction-projects-south-west-builders/owers-house-feock/index.html]
[pchapmanconstruction.com/construction-projects-south-west-builders/salt-apartments-st-ives-acorn/index.html]
[pchapmanconstruction.com/construction-projects-south-west-builders/trelew-mylor/index.html]
[pchapmanconstruction.com/construction-projects-south-west-builders/moontide-restonguet-point/index.html]
[pchapmanconstruction.com/construction-projects-south-west-builders/nancarrow-zelah/index.html]
[pchapmanconstruction.com/construction-projects-south-west-builders/the-beeches-restronguet-point/index.html]
[pchapmanconstruction.com/construction-projects-south-west-builders/trevaster-farm-truro/index.html]
[pchapmanconstruction.com/360-walkaround-videos/index.html]
[pchapmanconstruction.com/construction-news/latest-refurbishment-well-underway/index.html]
[pchapmanconstruction.com/construction-news/new-project-at-cubert-newquay/index.html]
[pchapmanconstruction.com/construction-news/falmouth-apartments-project-underway/index.html]
[pchapmanconstruction.com/construction-news/upper-beach-house/index.html]
[pchapmanconstruction.com/construction-news/top-team-on-latest-boskensoe-project/index.html]
[pchapmanconstruction.com/construction-news/treyarnon-site-start/index.html]
[pchapmanconstruction.com/privacy-policy/index.html]
[pchapmanconstruction.com/cookie-policy/index.html]
[pchapmanconstruction.com/themes/chapman3/fonts/glyphicons-halflings-regular.html]
[pchapmanconstruction.com/themes/chapman3/fonts/glyphicons-halflings-regulard41d.html]
[pchapmanconstruction.com/themes/chapman3/fonts/glyphicons-halflings-regular-2.html]
[pchapmanconstruction.com/themes/chapman3/fonts/glyphicons-halflings-regular-3.html]
[pchapmanconstruction.com/themes/chapman3/fonts/glyphicons-halflings-regular-4.html]
[pchapmanconstruction.com/themes/chapman3/fonts/glyphicons-halflings-regular-5.html]
[pchapmanconstruction.com/themes/chapman3/css/images/botfade.html]
[pchapmanconstruction.com/themes/chapman3/css/fonts/slick.svg]
[pchapmanconstruction.com/themes/chapman3/css/fonts/Pe-icon-7-strokebb1d.svg]
[pchapmanconstruction.com/themes/chapman3/fonts/fontawesome-webfont3e6e.svg]
[pchapmanconstruction.com/themes/chapman3/css/fonts/flexslider-icon.svg]
[pchapmanconstruction.com/themes/chapman3/css/mCSB_buttons.html]
[pchapmanconstruction.com/themes/chapman3/css/preload-circle.html]
[pchapmanconstruction.com/themes/chapman3/css/close.html]
[pchapmanconstruction.com/themes/chapman3/css/prev.html]
[pchapmanconstruction.com/themes/chapman3/css/next.html]
[pchapmanconstruction.com/themes/chapman3/fonts/fontawesome-webfonte0a5.svg]
[pchapmanconstruction.com/themes/chapman3/images/ajax.html]
